0148-2076, 1533-8606=O # 19th Century Music
0148-2076=O # 19th Century Music
1533-8606=O # 19th Century Music
0567-7874=A # Acta organologica
0001-6942=A # Acta sagittariana
0002-869X=A # American harp journal
0004-2919=A # Ars organi : internationale Zeitschrift für das Orgelwesen
0004-5438=A # ARSC journal
2151-4402=A # ARSC journal
0004-5438; 2151-4402 (electronic)=A #ARSC journal
2767-4843=O # Bach : the journal of the Riemenschneider Bach institute
0084-7682=A # Bach-Jahrbuch
1087-8262=A # Beethoven journal
0898-6185=A # Beethoven journal
2190-3174=O # Beiträge empirischer Musikpädagogik
0935-9044=A # Beiträge zur Gregorianik
0341-941X=A # Brahms-Studien
0007-0173=A # Brio
1013-8897=A # Bruckner-Jahrbuch
0950-429X=A # Classical guitar
2045-6247=A # Classical recordings quarterly
1472-5797=A # Classical recordings quarterly
1531-5169=O # Computer music journal
0148-9267=O # Computer music journal
0177-5944=A # Concerto
1865-3995=A # Correspondenz
1211-0264=A # Czech music quaterly
0721-6092=A # Das mechanische Musikinstrument
2536-2615=O # De musica disserenda
1861-132X=A # Die Tonkunst
1863-3536=A # Die Tonkunst
0899-8132=A # Early keyboard journal
1619-3903=A # Eisler-Mitteilungen
0071-2086=A # Etudes grégoriennes
0023-1819=A # Forum Kirchenmusik
1660-2730=A # Glareana
2197-330X=A # Göttinger Händel-Beiträge
0177-7319=A # Göttinger Händel-Beiträge
0342-8303=A # Hamburger Jahrbuch für Musikwissenschaft
0440-0615=A # Händel-Jahrbuch
0166-0101=A # Het orgel
0172-956X=A # Hindemith-Jahrbuch
2474-7777=O # Indiana theory review
0271-8022=O # Indiana theory review
0572-6239=A # Jahrbuch des Staatlichen Instituts für Musikforschung
0075-2681=O # Jahrbuch für Liturgik und Hymnologie
2197-3466=A # Jahrbuch für Liturgik und Hymnologie
0075-3572=A # Jazzforschung
0021-9207=O # Journal of band research
1307-0401=O # Journal of interdisciplinary music studies
1306-9055=O # Journal of interdisciplinary music studies
1745-9737=O # Journal of mathematics and music
1045-795X=A # Journal of mechanical music
2155-109X=O # Journal of Music History Pedagogy
1549-4950=O # Journal of the audio engineering society
0004-7554=O # Journal of the audio engineering society
1649-7341=O # Journal of the society for musicology in Ireland
0607-0252=O # Journal of the viola da gamba society of America
0507-0252=O # Journal of the viola da gamba society of America
0899-6407=O # Kurt Weill newsletter
1430-9971=A # La Gazzetta
0961-1215=O # Leonardo music journal
1619-0548=A # Lied und populäre Kultur
0340-8140=A # Mendelssohn-Studien
1431-5106=A # Mitteilungen der Arbeitsgemeinschaft für mittelrheinische Musikgeschichte
0440-2863=A # Mitteilungen der Hans Pfitzner-Gesellschaft
0942-5217=A # Mozart Studien
2295-5917; 2295-5925 (electronic)=O # Music theory and analysis
2791-4569=O # Music & Minorities
2092-4828=A # Musica humana
2510-4217=O # Musik & Ästhetik
1432-9425=O # Musik & Ästhetik
0937-583X=O # Musik in Bayern
2568-3128=A # Musik und Kirche
0027-4771=A # Musik und Kirche
0935-2562=A # Musikforum
0538-8791=A # Musikforum
0931-3311=A # Musik-Konzepte
0178-8884=A # MusikTexte
0177-4182=A # Musiktheorie
0027-5336=O # Muzsika
2199-5958=A # Neue Zeitschrift für Musik
0170-8791=A # Neue Zeitschrift für Musik
0028-3509=A # Neue Zeitschrift für Musik
0945-6945=A # Neue Zeitschrift für Musik
1435-7941=A # Organ
0048-2161=A # Organists' review
1439-1163=O # Parapluie
0031-9562=A # Piano technicians journal
0961-1371, 1474-0087=O # Plainsong and medieval music
0717-6252=O # Revista musical chilena
0716-2790=O # Revista musical chilena
0944-0291=A # Rohrblatt
1617-6340=A # Schubert : Perspektiven
1611-6291=A # Schubert-Jahrbuch
0174-2345=A # Schütz-Jahrbuch
0259-3165=A # Schweizer Jahrbuch für Musikwissenschaft
2941-914X=O # Studio-10 : Beiträge der Bernd-Alois-Zimmermann-Gesamtausgabe
2002-021X=O # Svensk tidskrift för musikforskning online
2225-8795=O # Terz Magazin
0928-9003=A # The Consort
0268-9111=A # The Consort
0741-7659=A # The double reed
0072-0127=A # The Galpin Society journal
2397-5318=O # The musical times
0027-4666=O # The musical times
0920-3192=A # The organ yearbook
0952-6323=A # The pianola journal
2941-3680=O # The world of music
1611-0242=A # Toccata
0041-0330=A # Tracker
0174-6065=A # Üben & Musizieren
8755-1233=O # Update
0506-306X=A # Viola da Gamba Society of America
2944-1587=O # Weberiana
1553-0612=O # Women and music
1090-7505=O # Women and music
2304-3857=O # Yearbook for traditional music
0740-1558=O # Yearbook for traditional music
2158-5296=O #AAWM journal
2191-253X=O #Act 
0001-7965=O #Ad marginem
1722-3954=O #Ad parnassum
00654019=O #African music
1945-2349=O #American music
0003-1313=O #American string teacher 
1553-5630=O #Asian music 
0044-9202=A #Asian music
1325-5266=O #Australasian music research
0943-4224=A #Berichte aus dem Nationalkomitee ... International Council for Traditional Music 
0265-0517, 1469-2104=O #British journal of music education 
0265-0517=A #British journal of music education
0010-9894=O #Bulletin of the council for research in music education
0954-5867, 1474-0621=O #Cambridge opera journal
0954-5867=O #Cambridge opera journal 
0008-4549=A #Canadian music educator 
0192-3749=A #Chinese music
0888-9015=A #Cue sheet
0027-4801=O #Die Musikforschung (elektr.)
1437-4722=A #Diskussion Musikpädagogik
1559-5749=O #Empirical musicology review
0014-1836=O #Ethnomusicology
1741-1912=O #Ethnomusicology forum 
2167-1931=O #Evental Aesthetics
2056-6166=O #Folk music journal 
0531-9684=A #Folk music journal
2511-3631=O #Forum Musikbibliothek
0173-5187=A #Forum Musikbibliothek 
0073-1692=A #Heine-Jahrbuch 
1045-4616=A #Historic brass society journal
0018-7003=A #Hudebni veda
1013-056X=A #Jahrbuch des Österreichischen Volksliedwerkes
1535-1882=O #Journal of American folklore
1543-0413=O #Journal of folklore research
1536-6006=O #Journal of historical research in music education
1057-0837=O #Journal of music teacher education
1540-5931=O #Journal of popular culture
0022-4294=O #Journal of research in music education
1086-7732=O #Journal of singing 
0001-4966=O #Journal of the acoustical society of America 
0251-012X=A #Journal of the Indian musicological society 
0892-1997=O #Journal of voice : official journal of the voice foundation
0938-4030=A #Klassen musizieren
0295-1371=A #L' avant-scène
0768-1593=A #La Revue musicale
0163-0350=O #Latin American music review
0013-1415=A #L'éducation musicale
1608-103X=A #MIP-Journal
0742-4612=O #Mississippi rag
0085-350X=A #Missouri journal of research in music education
0027-4224=O #Music and letters 
0027-4224, 1477-4631=O #Music and letters
1461-3808=O #Music education research
0027-4321=O #Music educators journal
1212-1193=O #Musicologica Olomucensia
0027-4747=A #Musik & Bildung
1439-1384=A #Musik und Unterricht
0027-4798=A #Musikerziehung
2569-5665=O #Musikpsychologie
0177-350x=A #Musikpsychologie 
1812-5980=O #Muziki
0090-5844=O #North Carolina folklore journal
2059-6707=O #Opera
0030-3526=A #Opera 
0030-3577=A #Opera Canada
0736-0053, 1476-2870=O #Opera quarterly
0862-8505=A #Opus musicum
0553-6502=A #Percussive notes 
1038-2909, 1836-0343=O #Perfect beat
1543-3412=O #Philosophy of music education review
1063-5734=A #Philosophy of music education review
0261-1430, 1474-0095=O #Popular music 
0300-7766=O #Popular music and society
1743-1646=O #Popular music history
0941-4711=A #Positionen
0305-7356=O #Psychology of music
2162-1535=O #Psychomusicology
0771-6788=A #Revue belge de musicologie
1371-6735, 2295-7251=O #Revue de la société Liégeoise de musicologie
0035-1601=A #Revue de musicologie
0891-9372=A #Rock & rap confidential
0038-2493=A #South African music teacher
2037-6413=O #Studi musicali
0303-4631=A #Studi musicali
1788-6244=O #Studia musicologica
0040-3253=A #Tennessee folklore society bulletin
1040-3582=O #The old time herald
0043-8774=A #The World of music 
2305-9672=O #TheMA
2307-440X=A #TheMA
1651-3770=A #Tidskriften opera
0506-306X=A #VDGSA news
0042-6180=A #Village voice
0043-373x=A #Western folklore
1619-8301=O #Zeitschrift für kritische Musikpädagogik
0044-3700=A #Zeitschrift für Volkskunde
2681-4617=O #Acta acustica
1861-9959=O #Acta acustica united with Acustica
1610-1928=A #Acta acustica united with Acustica
2296-4339=O #Acta musicologica (elektr.)
0001-6241=O #Acta musicologica (elektr.)
0003-9292=O #Archiv für Musikwissenschaft
1460-9231=A #British postgraduate musicology (gedr.)
2192-1482=O #Deutsche Zeitschrift für Philosophie (elektr.)
0012-1045=O #Deutsche Zeitschrift für Philosophie (gedr.)
2035-6706=O #Il saggiatore musicale (elektr.)
1123-8615=A #Il saggiatore musicale (gedr.)
1073-6913=O #Integral (gedr.)
0941-9535=A #International journal of musicology (gedr.)
0351-5796=A #International review of the aesthetics and sociology of music (gedr.)
1861-3217=A #Jahrbuch Musiktherapie
0197-0100=A #Journal of jewish music and liturgy (gedr.)
0141-1896=O #Journal of musicological research (elektr.)
0141-1896, 1547-7304=O # Journal of musicological research (elektr.) 
1866-4768=O #Kieler Beiträge Filmmusikforschung (elektr.)
0075-6199=A #Kirchenmusikalisches Jahrbuch (gedr.)
0075-8833=A #Lessing yearbook (gedr.)
2190-1600=A #Liturgie und Kultur (gedr.)
1938-2766=O #Medical problems of performing artists (elektr.)
0885-1158=A #Medical problems of performing artists (gedr.)
1862-2003=A #Mitteilungen der Christoph-Graupner-Gesellschaft (gedr.)
1468-2249=O #Music analysis (elektr.)
02625245=O #Music analysis (gedr.)
1058-8167=O #Music reference services quarterly (elektr.)
1067-3040=O #Music theory online (elektr.) 
0195-6167, 1533-8339=O #Music theory spectrum (elektr.)
0195-6167=A #Music theory spectrum (gedr.)
0077-2461=A #Musica disciplina (gedr.)
0147-7536=O #Musica judaica (elektr.)
0179-356X=O #Musica sacra (elektr.)
0179-356X=A #Musica sacra (gedr.)
1015-6798=A #Musik und Gottesdienst
1257-7537=O #Musurgia (gedr.)
2044-8414=O #Nineteenth Century Music Review (elektr.)
1479-4098=O #Nineteenth Century Music Review (elektr.)
0030-5375=A # Orientalia christiana periodica
2511-1345=O #Phoibos (elektr.)
1866-8291=A #Phoibos (gedr.)
1751-7788=O #Radical musicology (elektr.)
0394-6282=A #Rivista internazionale di musica sacra (gedr.)
0036-2255=A #Sacred music (gedr.)
0037-5721=A #Singende Kirche (gedr.)
1403-5715=O #STM online (elektr.)
2235-2678=A #Studi Pergolesiani (gedr.)
0393-2532=A #Studi verdiani (gedr.)
0332-5024=O #Studia musicologica Norvegica (elektr.)
1504-2960=O #Studia musicologica Norvegica (elektr.)
0196-2337=A #The stanza (gedr.)
0040-5698=O # Theologische Rundschau
1554-1312=A #Theoria (gedr.)
0741-6156=O #Theory and practice (elektr.)
0176-6511=A #Tibia (gedr.)
0920-0649=A #Tijdschrift oude muziek
0177-6487=A #Württembergische Blätter für Kirchenmusik (gedr.)
1862-6742=O #Zeitschrift der Gesellschaft für Musiktheorie (elektr.)
1862-6750=A #Zeitschrift der Gesellschaft für Musiktheorie (gedr.)
1612-8516=O #Zeitschrift der Gesellschaft für Musiktheorie (elektr.)
002-021X=O #Svensk tidskrift för musikforskning STM–SJM
10583572=A #American music research center journal
0276-3605=O # Black music research journal
0190-4922=O # Contributions to music education
1478-5706=O # Eighteenth century music
00215643=A # Jazz hot
1749-4060=O # Jazz perspectives
00215686=A # Jazz Podium
18128653=A # Jazz Research News
1533-1598=O # Journal of popular music studies
0269-0403=O # Journal of the royal musical association
0269-0403, 1471-6933=O # Journal of the royal musical association
0025-0384=O # Magyar zene
1616-8380=O # Mitteilungen : Internationale Max-Reger-Gesellschaft
1754-7105=O # Music and arts in action
1755-9219 (electronic)=O # Music performance research
0172-5505=O # Musiktherapeutische Umschau
0354-818X=O # New Sound
1821-3782=O # New Sound
2075-4078=O # Opera musicologica
2194-6981=O # Pop : Kultur und Kritik
2198-0322=O # Pop : Kultur und Kritik
0040-2982, 1478-2286=O # Tempo
1478-5722, 1478-5730=O # Twentieth-Century Music
2353-7094=O # Kwartalnik Młodych Muzykologów
0002-7898=A # American choral review
0003-0724; 1930-3831 (electronic)=O # American Recorder
1617-8688=O # Chor und Konzert
0069-5696=O # College Music Symposium
0261-1279, 1474-0559=O # Early music history
2504-1916=O # European Journal of Musicology
8756-8667=A # Flutist quarterly
1911-0146, 1918-512X=O # Intersections
2053-7395=O # Journal of music therapy
1089-747X=O # Journal of seventeenth century music
1558-268X=A # Journal of Schenkerian studies
1547-3848=O # Journal of the American musicological society
0003-0139=O # Journal of the American musicological society
1752-1971=O # Journal of the Society for American Music
1752-1963, 1752-1971=O # Journal of the Society for American Music
0148-6845=O # Journal of the violin society of America
1084-1776=A # Kodaly envoy 
1565-0618=O # Min-ad Israel studies
1940-7610=O # Music and the moving image
2167-8464=O # Music and the moving image
2053-7387=O # Music therapy perspectives
0734-6875=O # Music therapy perspectives
0734-6875, 2053-7387=O # Music therapy perspectives
1753-0768=O # Music, sound, and the moving image
2045-4147=O # Musicae scientiae
1029-8649=O # Musicae scientiae
2411-6696=O # Musicologica austriaca
1711-9235=O # Musicological Explorations
2350-4242=O # Muzikološki zbornik
1608-8956=A # Nachrichten zur Mahler-Forschung
0213-7305=O # Nassarre
1534-150X=O # Notes
0027-4380=O # Notes (JSTOR) 
1044-1638=O # Performance practice review
2325-7180=O # Perspectives of new music
1120-5741=A # Recercare
2385-2496=O # Recercare
2688-867X=O # Resonance
2036-5586=O # Rivista Italiana di musicologia
0035-6867=O # Rivista Italiana di musicologia
2191-0499=A # Seiltanz
0211-3538=O # Anuario musical
1043-3848=A # Ars lyrica
0587-5455=O # Arti musices
2280-918X=A # Bollettino del centro Rossiniano di studi
0141-4992=A # British institute of organ studies journal
0395-1200=A # Cahiers Debussy
2245-5809=O # Carl Nielsen studies
1603-3663=A # Carl Nielsen studies
2194-1890=A # Cherubiniana
1057-9478=A # Computing in musicology
0749-4467=O # Contemporary music review
0011-3735=O # Current musicology
0306-0373=A # Delius society journal
1437-3378=A # Die Laute
0306-1078=O # Early music
1083-3633=A # Early music America
1477-478X=A # Early music performer
1773-9128=O # Filigrane
0930-8563=A # Flöte aktuell
2195-7665; 2196-0631 (electronic)=A # Flower world
2471-156X=O # Fontes artis musicae
0015-6191=A # Fontes artis musicae
0016-0717=A # Freiburger Universitätsblätter
1938-6990=O # Gamut
0017-5471=A # Guitar review
0440-5323=A # Haydn-Studien
0018-1137=A # Heterofonía
0046-7928=A # Horn call
0020-4331=A # Instrumentalist
0936-014X=A # Instrumentenbaureport
0255-7614=O # International journal of music education
0363-2845=A # International Trumpet Guild journal
1017-7515=A # ISO journal
0938-6998=A # Jahrbuch für Glockenkunde
1542-734X=O # Journal of American culture
1836-8336=O # Journal of music research online
0022-2909=O # Journal of music theory
0277-9269=O # Journal of musicology
1533-8347=O # Journal of musicology
0929-8215=O # Journal of new music research
0147-4413; 0000-0000 (electronic)=A # Journal of the American Liszt Society
0362-3300=A # Journal of the American musical instrument society
0076-1526=A # Journal of the lute society of America
1812-1004=O # Journal of the musical arts in Africa
1754-9892=O # Journal on the art of record production
1013-6835=A # La tribune de l'orgue
1392-9313=O # Lietuvos muzikologija = Lithuanian musicology
0474-6376=A # L'organo
1015-0536=O # Mitteilungen der Paul Sacher Stiftung
2191-8627=A # Mitteilungen Tschaikowsky-Gesellschaft
1861-9053=A # Mozart-Jahrbuch
0342-0256=A # Mozart-Jahrbuch
1938-7687=O # Music & Politics
2169-9488=O # Music in art
1522-7464=A # Music in art
0730-7829=O # Music perception
0909-0797=A # Musical Denmark yearbook
0814-5857=O # Musicology Australia
0947-8302=A # Musik in Baden-Württemberg
1264-7020=A # Musique, images, instruments
0541-4830=O # Muzyka
0160-2365=O # Newsletter of the American musical instrument society
0030-4883=A # Organ
1355-7718, 1469-8153=O # Organised sound
1593-8735=O # Polifonie (elektr.)
0000-0000=O # Postgraduate Journal of Aesthetics
1547-982X=A # Quarterly - Lute Society of America
0211-6391=O # Recerca musicológica
0961-3544=O # Recorder magazine
0306-4409=A # Recorder magazine
0210-1459=O # Revista de musicología
0035-3744=A # Revue musicale de Suisse romande
1615-5556=A # Rosetti-Forum
0035-9610=A # Ruch muzyczny
0036-3308=A # Saitenspiel
0863-2340=A # Schumann-Studien
0739-229X=A # Sonus
0145-6237=A # Soundboard
2223-635X=O # South African music studies
1594-0012=O # Studi vivaldiani
0930-9578=O # Studien zur Musikwissenschaft
0012-2378=A # The diapason
1540-6245=O # The journal of aesthetics and art criticism
0021-8529=O # The journal of aesthetics and art criticism
0027-4631=O # The Musical quarterly
0027-4631, 1741-8399=O # The Musical quarterly
0030-4883=O # The Organ
0034-1568=A # The Record Collector
1472-3808=O # The royal musical association research chronicle
0080-4460=A # The royal musical association research chronicle
1383-7079; 1875-6409 (electronic)=A # Tijdschrift van de koninklijke vereniging voor Nederlandse muziekgeschiedenis
2366-746X=A # Verdiperspektiven
1504-1611=O # Voices
2377-231X=O # Yale Journal of Music & Religion
1535-3532=A # Yale Journal of Music & Religion
1562-6865=O # Acoustical Physics
2558-8532=O # Artes Journal of Musicology
1036-9457=O # Australian Journal of Music Therapy
1940-1159=O # Rock music studies
0378-8903=O # Mitteilungen der Internationalen Gesellschaft für Musikwissenschaft
2059-2043=O # Music & science
0958-8434=O # Musical Times and Singing Class Circular
1753-8637=A # Jazz Research Journal
1612-0124=O # Sammelbände der Internationalen Musikgesellschaft
2055-1940=O # Sound studies : an interdisciplinary journal
0809-8131=O # Nordic journal of music therapy (elektr.)
2158-1401=O # Journal of Jazz Studies (elektr.)
2529-8577=O # Av Notas: Revista de Investigación Musical$hConsejería de Educación, Junta de Andalucía
2368-4712=O # Boss: the biannual online-journal of Springsteen studies
1359-4575=O # British Journal of Music Therapy
0951-5038=O # British Journal of Music Therapy
1351-010X=O # Building Acoustics
1861-3217=O # Jahrbuch Musiktherapie
0003-682X=O # Applied Acoustics
1614-9459=A # Wagnerspectrum