0148-2076=eng # 19th Century Music
1533-8606=eng # 19th Century Music
0567-7874=ger # Acta organologica
0002-869X=eng # American harp journal
0004-2919=ger # Ars organi : internationale Zeitschrift für das Orgelwesen
0004-5438=eng # ARSC journal
2151-4402=eng # ARSC journal
2767-4843=eng # Bach : the journal of the Riemenschneider Bach institute
0084-7682=ger # Bach-Jahrbuch
1087-8262=eng # Beethoven journal
0898-6185=eng # Beethoven journal
2190-3174=ger # Beiträge empirischer Musikpädagogik
0935-9044=ger # Beiträge zur Gregorianik
0341-941X=ger # Brahms-Studien
0007-0173=eng # Brio
1013-8897=ger # Bruckner-Jahrbuch
0950-429X=eng # Classical guitar
2045-6247=eng # Classical recordings quarterly
1472-5797=eng # Classical recordings quarterly
1531-5169=eng # Computer music journal
0148-9267=eng # Computer music journal
0177-5944=ger # Concerto
1865-3995=ger # Correspondenz
1211-0264=eng # Czech music quaterly
0721-6092=ger # Das mechanische Musikinstrument
0899-8132=eng # Early keyboard journal
1619-3903=ger # Eisler-Mitteilungen
0071-2086=fre # Etudes grégoriennes
0023-1819=ger # Forum Kirchenmusik
1660-2730=ger # Glareana
0342-8303=ger # Hamburger Jahrbuch für Musikwissenschaft
0166-0101=dut # Het orgel
0172-956X=ger # Hindemith-Jahrbuch
2474-7777=eng # Indiana theory review
0271-8022=eng # Indiana theory review
0572-6239=ger # Jahrbuch des Staatlichen Instituts für Musikforschung
0075-2681=ger # Jahrbuch für Liturgik und Hymnologie
2197-3466=ger # Jahrbuch für Liturgik und Hymnologie
0075-3572=ger # Jazzforschung
0021-9207=eng # Journal of band research
1307-0401=eng # Journal of interdisciplinary music studies
1306-9055=eng # Journal of interdisciplinary music studies
1745-9737=eng # Journal of mathematics and music
1045-795X=eng # Journal of mechanical music
2155-109X=eng # Journal of Music History Pedagogy
1549-4950=eng # Journal of the audio engineering society
0004-7554=eng # Journal of the audio engineering society
1649-7341=eng # Journal of the society for musicology in Ireland
0607-0252=eng # Journal of the viola da gamba society of America
0507-0252=eng # Journal of the viola da gamba society of America
0899-6407=eng # Kurt Weill newsletter
1430-9971=ger # La Gazzetta
0961-1215=eng # Leonardo music journal
1619-0548=ger # Lied und populäre Kultur
0340-8140=ger # Mendelssohn-Studien
1431-5106=ger # Mitteilungen der Arbeitsgemeinschaft für mittelrheinische Musikgeschichte
0440-2863=ger # Mitteilungen der Hans Pfitzner-Gesellschaft
0942-5217=ger # Mozart Studien
2295-5925=eng # Music theory and analysis
2295-5917=eng # Music theory and analysis
2092-4828=eng # Musica humana
2510-4217=ger # Musik & Ästhetik
1432-9425=ger # Musik & Ästhetik
0937-583X=ger # Musik in Bayern
2568-3128=ger # Musik und Kirche
0027-4771=ger # Musik und Kirche
0935-2562=ger # Musikforum
0538-8791=ger # Musikforum
0931-3311=ger # Musik-Konzepte
0178-8884=ger # MusikTexte
0177-4182=ger # Musiktheorie
0027-5336=hun # Muzsika
2199-5958=ger # Neue Zeitschrift für Musik
0170-8791=ger # Neue Zeitschrift für Musik
0028-3509=ger # Neue Zeitschrift für Musik
0945-6945=ger # Neue Zeitschrift für Musik
1435-7941=ger # Organ
0048-2161=eng # Organists' review
1439-1163=ger # Parapluie
0031-9562=eng # Piano technicians journal
0961-1371, 1474-0087=eng # Plainsong and medieval music
0717-6252=spa # Revista musical chilena
0716-2790=spa # Revista musical chilena
0944-0291=ger # Rohrblatt
1617-6340=ger # Schubert : Perspektiven
1611-6291=ger # Schubert-Jahrbuch
0174-2345=ger # Schütz-Jahrbuch
0259-3165=ger # Schweizer Jahrbuch für Musikwissenschaft
2002-021X=swe # Svensk tidskrift för musikforskning online
2225-8795=ger # Terz Magazin
0928-9003=eng # The Consort
0268-9111=eng # The Consort
0741-7659=eng # The double reed
0072-0127=eng # The Galpin Society journal
2397-5318=eng # The musical times
0027-4666=eng # The musical times
0920-3192=eng # The organ yearbook
0952-6323=eng # The pianola journal
2941-3680=eng # The world of music
1611-0242=ger # Toccata
0041-0330=eng # Tracker
0174-6065=ger # Üben & Musizieren
8755-1233=eng # Update
0506-306X=eng # Viola da Gamba Society of America
1434-6206=ger # Weberiana
1553-0612=eng # Women and music
1090-7505=eng # Women and music
2304-3857=eng # Yearbook for traditional music
0740-1558=eng # Yearbook for traditional music
2158-5296=eng # AAWM journal [Elektronische Ressource]
0001-7965=ger # Ad marginem (gedr.)
0065-4019=eng # African music : journal of the African Music Society (gedr.)
0734-4392=eng # American music (gedr.)
1945-2349=eng # American music (elektr.)
0003-1313=eng # American string teacher (gedr.)
1553-5630=eng # Asian music (elektr.)
0044-9202=eng # Asian music
1325-5266=eng # Australasian music research (gedr.)
1325-5266=eng # Australasian music research [Elektronische Ressource]
0943-4224=ger # Berichte aus dem Nationalkomitee … Council for Traditional Music (gedr.)
0265-0517, 1469-2104=eng # British journal of music education (BJME) (elektr.)
0265-0517=eng # British journal of music education (BJME) (gedr.)
0010-9894=eng # Bulletin of the council for research in music education (gedr.)
0954-5867, 1474-0621=eng # Cambridge opera journal (elektr.)
0954-5867=eng # Cambridge opera journal (gedr.)
0008-4549=eng # Canadian music educator (gedr.)
0192-3749=eng # Chinese music
0888-9015=eng # Cue sheet
0027-4801=ger # Die Musikforschung (elektr.)
1437-4722=ger # Diskussion Musikpädagogik
1559-5749=eng # Empirical musicology review [Elektronische Ressource] 
0014-1836=eng # Ethnomusicology (gedr.)
1741-1912=eng # Ethnomusicology forum (elektr.)
2167-1931=eng # Evental Aesthetics [Elektronische Ressource]
2056-6166=eng # Folk music journal (elektr.)
0531-9684=eng # Folk music journal (gedr.)
2511-3631=ger # Forum Musikbibliothek (elektr.)
0173-5187=ger # Forum Musikbibliothek (gedr.)
0073-1692=ger # Heine-Jahrbuch (gedr.)
1045-4616=eng # Historic brass society journal
1013-056X=ger # Jahrbuch des Österreichischen Volksliedwerkes
1535-1882=eng # Journal of American folklore (elektr.)
1543-0413=eng # Journal of folklore research (elektr.)
1536-6006=eng # Journal of historical research in music education (gedr.)
1057-0837=eng # Journal of music teacher education (JMTE) (elektr.)
1540-5931=eng # Journal of popular culture (elektr.)
0022-4294=eng # Journal of research in music education (elektr.)
1086-7732=eng # Journal of singing (elektr.)
0001-4966=eng # Journal of the acoustical society of America (elektr.)
0251-012X=eng # Journal of the Indian musicological society (JIMS) (gedr.)
1873-4588=eng # Journal of voice (elektr.)
0938-4030=ger # Klassen musizieren
0764-2873=fre # L' avant-scène (gedr.)
0395-0670=fre # L' avant-scène (gedr.)
0295-1371=fre # L' avant-scène (gedr.)
0768-1593=fre # La Revue musicale
0013-1415=fre # L'éducation musicale
1608-103X=ger # MIP-Journal
0742-4612=eng # Mississippi rag (gedr.)
0742-4612=eng # Mississippi rag [Elektronische Ressource] 
0085-350X=eng # Missouri journal of research in music education
0027-4224=eng # Music and letters (elektr.)
1461-3808=eng # Music education research (elektr.)
0027-4321=eng # Music educators journal (elektr.)
0027-4747=ger # Musik & Bildung
1439-1384=ger # Musik und Unterricht
1868-0194=ger # Musik und Unterricht
0937-9568=ger # Musik und Unterricht
0027-4798=ger # Musikerziehung
0177-350x=ger # Musikpsychologie (gedr.)
1812-5980=eng # Muziki (elektr.)
0090-5844=eng # North Carolina folklore journal (gedr.)
0090-5844=eng # North Carolina folklore journal (elektr.)
2059-6707=eng # Opera (elektr.)
0030-3526=eng # Opera (gedr.)
0030-3577=eng # Opera Canada (gedr.)
0736-0053, 1476-2870=eng # Opera quarterly (elektr.)
0862-8505=cze # Opus musicum
1038-2909=eng # Perfect beat (elektr.)
1836-0343=eng # Perfect beat [Elektronische Ressource] 
1543-3412=eng # Philosophy of music education review (elektr.)
1063-5734=eng # Philosophy of music education review (gedr.)
0261-1430, 1474-0095=eng # Popular music (elektr.)
0300-7766=eng # Popular music and society (elektr.)
1743-1646=eng # Popular music history (elektr.)
0941-4711=ger # Positionen (gedr.)
0305-7356=eng # Psychology of music (elektr.)
2162-1535=eng # Psychomusicology (elektr.)
0771-6788=fre # Revue belge de musicologie (gedr.)
0035-1601=fre # Revue de musicologie (gedr.)
0891-9372=eng # Rock & rap confidential (gedr.)
0038-2493=eng # South African music teacher
2037-6413=ita # Studi musicali (elektr.)
0303-4631=ita # Studi musicali (gedr.)
0040-3253=eng # Tennessee folklore society bulletin
1040-3582=eng # The old time herald (elektr.)
0043-8774=eng; ger # The World of music (gedr.)
1651-3770=swe # Tidskriften opera
0506-306X=eng # VDGSA news (gedr.)
0042-6180=eng # Village voice (gedr.)
0043-373x=eng # Western folklore (gedr.)
1619-8301=ger # Zeitschrift für kritische Musikpädagogik [Elektronische Ressource] 
0044-3700=ger # Zeitschrift für Volkskunde (gedr.)
2681-4617=eng # Acta acustica
1861-9959=eng # Acta acustica united with Acustica (elektron.)
1610-1928=eng # Acta acustica united with Acustica (gedr.)
0003-9292=ger # Archiv für Musikwissenschaft
1460-9231=eng # British postgraduate musicology (gedr.)
2192-1482=ger # Deutsche Zeitschrift für Philosophie (elektr.)
0012-1045=ger # Deutsche Zeitschrift für Philosophie (gedr.)
1073-6913=eng # Integral (gedr.)
0197-0100=eng # Journal of jewish music and liturgy (gedr.)
0141-1896=eng # Journal of musicological research (elektr.)
1866-4768=ger # Kieler Beiträge Filmmusikforschung (elektr.)
0075-6199=ger # Kirchenmusikalisches Jahrbuch (gedr.)
2190-1600=ger # Liturgie und Kultur (gedr.)
1938-2766=eng # Medical problems of performing artists (elektr.)
0885-1158=eng # Medical problems of performing artists (gedr.)
1862-2003=ger # Mitteilungen der Christoph-Graupner-Gesellschaft (gedr.)
1468-2249=eng # Music analysis (elektr.)
02625245=eng # Music analysis (gedr.)
1058-8167=eng # Music reference services quarterly (elektr.)
1067-3040=eng # Music theory online (elektr.)
0195-6167, 1533-8339=eng # Music theory spectrum (elektr.)
0195-6167=eng # Music theory spectrum (gedr.)
0147-7536=eng # Musica judaica (elektr.)
0179-356X=ger # Musica sacra (elektr.)
0179-356X=ger # Musica sacra (gedr.)
1015-6798=ger # Musik und Gottesdienst
1257-7537=fre # Musurgia (elektr.)
2044-8414=eng # Nineteenth Century Music Review (elektr.)
1479-4098=eng # Nineteenth Century Music Review (gedr.)
2511-1345=ger # Phoibos (elektr.)
1866-8291=ger # Phoibos (gedr.)
1751-7788=eng # Radical musicology (elektr.)
0394-6282=ita # Rivista internazionale di musica sacra (gedr.)
0036-2255=eng # Sacred music (gedr.)
0037-5721=ger # Singende Kirche (gedr.)
0393-2532=ita # Studi verdiani (gedr.)
0196-2337=eng # The stanza (gedr.)
0040-5698=ger # Theologische Rundschau
1554-1312=eng # Theoria (gedr.)
0741-6156=eng # Theory and practice (elektr.)
0176-6511=ger # Tibia (gedr.)
0920-0649=dut # Tijdschrift oude muziek
0177-6487=ger # Württembergische Blätter für Kirchenmusik (gedr.)
1862-6742=ger # Zeitschrift der Gesellschaft für Musiktheorie (elektr.)
1862-6750=ger # Zeitschrift der Gesellschaft für Musiktheorie (gedr.)
1612-8516=ger # Zeitschrift der Gesellschaft für Musiktheorie (elektr.)
10583572=eng # American music research center journal
0276-3605=eng # Black music research journal
0190-4922=eng # Contributions to music education
1478-5706=eng # Eighteenth century music
1749-4060=eng # Jazz perspectives
00215686=ger # Jazz Podium
1533-1598=eng # Journal of popular music studies
0269-0403=eng # Journal of the royal musical association
0269-0403, 1471-6933=eng # Journal of the royal musical association
0025-0384=hun # Magyar zene
1616-8380=ger # Mitteilungen : Internationale Max-Reger-Gesellschaft
1754-7105=eng # Music and arts in action
1755-9219=eng # Music performance research
0172-5505=ger # Musiktherapeutische Umschau
0354-818X=eng # New Sound
1821-3782=eng # New Sound
2075-4078=rus # Opera musicologica
2194-6981=ger # Pop : Kultur und Kritik
0040-2982=eng # Tempo
1478-5722=eng # Twentieth-Century Music
0002-7898=eng # American choral review
0003-0724=eng # American Recorder
1617-8688=ger # Chor und Konzert
0069-5696=eng # College Music Symposium
1474-0559=eng # Early music history
0261-1279=eng # Early music history 
8756-8667=eng # Flutist quarterly
2053-7395=eng # Journal of music therapy
1089-747X=eng # Journal of seventeenth century music
1558-268X=eng # Journal of Schenkerian studies
1547-3848=eng # Journal of the American musicological society
0003-0139=eng # Journal of the American musicological society
1752-1971=eng # Journal of the Society for American Music
1752-1963=eng # Journal of the Society for American Music
0148-6845=eng # Journal of the violin society of America
1084-1776=eng # Kodaly envoy 
1565-0618=eng # Min-ad Israel studies
1940-7610=eng # Music and the moving image
2167-8464=eng # Music and the moving image
2053-7387=eng # Music therapy perspectives
0734-6875=eng # Music therapy perspectives
1753-0768=eng # Music, sound, and the moving image
2045-4147=eng # Musicae scientiae
1029-8649=eng # Musicae scientiae
1711-9235=eng # Musicological Explorations
2350-4242=eng # Muzikološki zbornik
1608-8956=ger # Nachrichten zur Mahler-Forschung
0213-7305=spa # Nassarre
1534-150X=eng # Notes
0027-4380=eng # Notes (JSTOR)
1044-1638=eng # Performance practice review
2325-7180=eng # Perspectives of new music
2688-867X=eng # Resonance
2036-5586=ita # Rivista Italiana di musicologia
0035-6867=ita # Rivista Italiana di musicologia
1043-3848=eng # Ars lyrica (gedr.)
0587-5455=hrv # Arti musices (elektr.)
2280-918X=ita # Bollettino del centro Rossiniano di studi (gedr.)
0141-4992=eng # British institute of organ studies journal (gedr.)
2245-5809=eng # Carl Nielsen studies (elektr.) 
1603-3663=eng # Carl Nielsen studies (gedr.)
1057-9478=eng # Computing in musicology (gedr.)
0749-4467=eng # Contemporary music review (elektr.)
0011-3735=eng # Current musicology (elektr.)
0306-0373=eng # Delius society journal (gedr.)
1437-3378=ger # Die Laute (gedr.)
0306-1078=eng # Early music (elektr.)
1083-3633=eng # Early music America (gedr.)
1477-478X=eng # Early music performer (gedr.)
1773-9128=fre # Filigrane (elektr.)
0930-8563=ger # Flöte aktuell (gedr.)
0016-0717=ger # Freiburger Universitätsblätter (gedr.)
1938-6990=eng # Gamut (elektr.)
0017-5471=eng # Guitar review
0440-5323=ger # Haydn-Studien (gedr.)
0018-1137=spa # Heterofonía (gedr.)
0046-7928=eng # Horn call
0020-4331=eng # Instrumentalist (gedr.)
0936-014X=ger # Instrumentenbaureport (gedr.)
1057-4263=eng # International journal of arts medicine
0255-7614=eng # International journal of music education (elektr.)
0363-2845=eng # International Trumpet Guild journal (gedr.)
0938-6998=ger # Jahrbuch für Glockenkunde (gedr.)
1542-734X=eng # Journal of American culture (elektr.)
1836-8336=eng # Journal of music research online (elektr.)
0022-2909=eng # Journal of music theory (elektr.)
0277-9269=eng # Journal of musicology (elektr.)
1533-8347=eng # Journal of musicology (elektr.)
0929-8215=eng # Journal of new music research (elektr.)
0147-4413=eng # Journal of the American Liszt Society (gedr.)
0362-3300=eng # Journal of the American musical instrument society (gedr.)
0076-1526=eng # Journal of the lute society of America (gedr.)
1812-1004=eng # Journal of the musical arts in Africa (elektr.)
1754-9892=eng # Journal on the art of record production (elektr.)
1013-6835=fre # La tribune de l'orgue (gedr.)
1392-9313=eng # Lietuvos muzikologija = Lithuanian musicology (elektr.)
0474-6376=ita # L'organo (gedr.)
2191-8627=ger # Mitteilungen Tschaikowsky-Gesellschaft (gedr.)
1861-9053=ger # Mozart-Jahrbuch
0342-0256=ger # Mozart-Jahrbuch
1938-7687=eng # Music & Politics (elektr.)
0730-7829=eng # Music perception (elektr.)
0909-0797=eng # Musical Denmark yearbook (gedr.)
0814-5857=eng # Musicology Australia (elektr.)
0947-8302=ger # Musik in Baden-Württemberg (gedr.)
0160-2365=eng # Newsletter of the American musical instrument society (elektr.)
0030-4883=eng # Organ
1355-7718, 1469-8153=eng # Organised sound (elektr.)
0000-0000=eng # Postgraduate Journal of Aesthetics (elektr.)
1547-982X=eng # Quarterly - Lute Society of America (gedr.)
0211-6391=spa # Recerca musicológica (elektr.)
0961-3544=eng # Recorder magazine (elektr.)
0306-4409=eng # Recorder magazine (gedr.)
0210-1459=spa # Revista de musicología (elektr.)
0035-3744=fre # Revue musicale de Suisse romande (gedr.)
1615-5556=ger # Rosetti-Forum (gedr.)
0035-9610=pol # Ruch muzyczny (gedr.)
0036-3308=ger # Saitenspiel (gedr.)
0863-2340=ger # Schumann-Studien (gedr.)
0739-229X=eng # Sonus (gedr.)
0951-6816=eng # Sound on Sound
0145-6237=eng # Soundboard (gedr.)
2223-635X=eng # South African music studies (elektr.)
0930-9578=ger # Studien zur Musikwissenschaft (elektr.)
0012-2378=eng # The diapason (gedr.)
1540-6245=eng # The journal of aesthetics and art criticism (elektr.)
0021-8529=eng # The journal of aesthetics and art criticism (gedr.)
0027-4631=eng # The Musical quarterly (elektr.)
0027-4631, 1741-8399=eng # The Musical quarterly
0030-4883=eng # The Organ (elektr.)
0034-1568=eng # The Record Collector (gedr.)
1472-3808=eng # The royal musical association research chronicle (elektr.)
0080-4460=eng # The royal musical association research chronicle (gedr.)
2366-746X=ger # Verdiperspektiven (gedr.)
1504-1611=eng # Voices (elektr.)
2377-231X=eng # Yale Journal of Music & Religion (elektr.)
1535-3532=eng # Yale Journal of Music & Religion (gedr.)
1562-6865=eng # Acoustical Physics
2558-8532=eng # Artes Journal of Musicology
1036-9457=eng # Australian Journal of Music Therapy
1940-1159=eng # Rock music studies
0378-8903=ger # Mitteilungen der Internationalen Gesellschaft für Musikwissenschaft
2059-2043=eng # Music & science
0958-8434=eng # Musical Times and Singing Class Circular
1753-8637=eng # Jazz Research Journal
1612-0124=ger # Sammelbände der Internationalen Musikgesellschaft
2055-1940=eng # Sound studies : an interdisciplinary journal
0809-8131=eng # Nordic journal of music therapy (elektr.)
2158-1401=eng # Journal of Jazz Studies (elektr.)
2529-8577=spa # Av Notas: Revista de Investigación Musical$hConsejería de Educación, Junta de Andalucía
2368-4712=eng # Boss: the biannual online-journal of Springsteen studies
1359-4575=eng # British Journal of Music Therapy
0951-5038=eng # British Journal of Music Therapy
1351-010X=eng # Building Acoustics
0003-682X=eng # Applied Acoustics
1614-9459=ger # Wagnerspectrum
