ARSC journal=!001399861! # ARSC journal
Basler Jahrbuch für historische Musikpraxis : eine Publikation der Schola Cantorum Basiliensis, Hochschule für Alte Musik an der Musik-Akademie der Stadt Basel, Fachhochschule Nordwestschweiz (FHNW)=!001401084! # Basler Jahrbuch für historische Musikpraxis
Engaging Students=!005778166! # Engaging Students: Essays in Music Pedagogy
Journal of the Arnold Schönberg Center=!001405314! # Journal of the Arnold Schönberg center
Liszt-Jahrbuch=!006470041! # Liszt-Jahrbuch
Music Theory and Analysis (MTA)=!006567479! # Music Theory and Analysis
Schumann-Journal=!005834732! # Schumann-Journal
Journal of the Audio Engineering Society=!006567436! # Journal of the Audio Engineering Society
Kirchenmusikalisches Jahrbuch=!007496125! # Kirchenmusikalisches Jahrbuch (elektr.)
Australasian Music Research=!004233700! #
Australian Journal of Music Education=!004942221! # The Australian journal of music education (elektr.)
Boccherini studies=!005971888! # 
CeReNeM Journal=!006555233! # 
European string teachers Association Nachrichten=!004532570! # 
Heidelberger Hochschulschriften zur Musikpädagogik=!004400054! # Heidelberger Hochschulschriften zur Musikpädagogik
Nota Bene: Canadian Undergraduate Journal of Musicology=!006555314! # Nota bene
Philomusica on-line=!002052520! # Philomusica on-line
Rock & rap confidential=!005133998! # 
String players library series=!00581832X! # 
The old time herald=!004944313! #
African Music: Journal of the International Library of African Music=!004496051! # 
Acta Acustica united with Acustica=!001409166! # Acta Acustica
British postgraduate musicology=!00140945X! # British postgraduate musicology
Intégral=!006577814! # Integral the journal of applied musical thought
International journal of musicology=!006577822! # International journal of musicology
International review of the aesthetics and sociology of music=!001414054! # International review of the aesthetics and sociology of music
Journal of jewish music and liturgy=!006582362! # Journal of jewish music and liturgy
Journal of Sonic Studies=!006384692! # Journal of Sonic Studies
Mitteilungen der Christoph-Graupner-Gesellschaft=!006582370! # Mitteilungen der Christoph-Graupner-Gesellschaft
Music research forum=!004614941! # Music research forum
Musica disciplina=!006582389! # Musica disciplina
Musica judaica=!006582397! # Musica judaica
Musurgia analyse et pratique musicales=!005177855! # Musurgia
Sacred music=!006582419! # Sacred music
Ssi-ol Almanach der Internationalen Isang Yun Gesellschaft=!00140833X! # Ssi-ol
The stanza=!006582427! # The stanza
Theologische Rundschau=!006701795! # Theologische Rundschau
Theory and practice=!004414233! # Theory and practice
Tibia=!006582435! # Tibia
Acta acustica united with Acustica=!001409166! # Acta acustica united with Acustica(elektr.)
Medical Problems of Performing Artists=!005178142! # Medical problems of performing artists (elektr.)
Music Analysis=!001410407! # Music analysis
Music Theory Online=!001414356! # Music theory online
Music Theory Spectrum=!001410032! # Music theory spectrum
Nineteenth-Century Music Review=!004523202! # Nineteenth Century Music Review
Studia Musicologica Norvegica=!006585035! # Studia musicologica Norvegica
American Music Research Center Journal=!001411683! # American Music Research Center Journal
Context: Journal of Music Research=!00228460X! # Context
Jazz Hot: La Revue Internationale du Jazz=!001411586! # Jazz hot
Jazz Podium=!001411632! # Jazz Podium
Jazz Research News=!001405306! # Jazz Research News	
Journal of Popular Music Studies=!002284758! # Journal of popular music studies
Musiktherapeutische Umschau=!005179947! # Musiktherapeutische Umschau (elektr.)
Anklaenge: Wiener Jahrbuch für Musikwissenschaft=!003032051! #Anklänge
«Fonti Musicali Italiane»=!00674222X! # Fonti Musicali Italiane
Journal of Schenkerian studies=!00516141X! # Journal of Schenkerian studies
Journal of seventeenth-century music=!001404539! # Journal of seventeenth century music
Journal of Sound and Music in Games=!007793278! # Journal of Sound and Music in Games
Violin Society of America Papers=!006742238! # Journal of the violin society of America
Performance Practice Review=!003657310! # Performance practice review
Recercare=!006742254! # Recercare
http://revues.mshparisnord.org/filigrane=!006585736! # Filigrane
International Trumpet Guild journal=!001411543! # International Trumpet Guild journal
Lute Society of America quarterly=!00140542X! # Lute Society of America (gedr.)
Musical opinion supplement=!006673236! # Musical opinion supplement (elektr.)
Musik und Gender im Internet=!002440156! # Musik und Gender im Internet (elektr.)
Postgraduate Journal of Aesthetics=!005778174! # Postgraduate Journal of Aesthetics (elektr.)
Sonus=!001405012! # Sonus (gedr.)
Sound & vision=!006765858! # Sound & vision (elektr.)
Artes. Journal of Musicology=!007562926! # Artes. Journal of Musicology
Australian Journal of Music Therapy=!008108439! # Australian Journal of Music Therapy
Philosophy of music education review=!003595528! #Philosophy of music education review (gedr.)
Musik-Texte=!001400509! #Musik-Texte (gedr.)
Australian Voice=!008289409! # Australian Voice 
array.=!008343233! #  Array. Journal of the International Computer Music Association
The Oxford Handbook of Economic Ethnomusicology=!00844918X!
SAMPLES=!001228846! # Samples : Notizen, Projekte und Kurzbeiträge zur Popularmusikforschung
Context=!00228460X! # Context : a journal of music research
Musik in Baden-Württemberg=!008540004!
"Musikgeschichte in Mittel- und Osteuropa.*"=!005779561!