"ARSC journal" : "eng",
"Basler Jahrbuch für historische Musikpraxis : eine Publikation der Schola Cantorum Basiliensis, Hochschule für Alte Musik an der Musik-Akademie der Stadt Basel, Fachhochschule Nordwestschweiz (FHNW)" : "manuell",
"Engaging Students" : "eng",
"Journal of the Arnold Schönberg Center" : "manuell",
"Liszt-Jahrbuch" : "ger",
"Music Theory and Analysis (MTA)" : "eng",
"Schumann-Journal" : "manuell",
"Journal of the Audio Engineering Society" : "eng",
"Kirchenmusikalisches Jahrbuch" : "ger",
"Australian Journal of Music Education" : "eng",
"Australasian Music Research" : "eng",
"Berichte aus dem Nationalkomitee der Bundesrepublik Deutschland im International Council for Traditional Music" : "ger",
"Boccherini studies" : "manuell",
"CeReNeM Journal" : "eng",
"European string teachers Association Nachrichten" : "ger",
"Heidelberger Hochschulschriften zur Musikpädagogik" : "ger",
"Nota Bene: Canadian Undergraduate Journal of Musicology" : "eng",
"Philomusica on-line" : "manuell",
"Rock & rap confidential" : "eng",
"String players library series" : "eng",
"The old time herald" : "eng",
"Proceedings of the annual meeting National Association of Schools of Music" : "eng",
"African Music: Journal of the International Library of African Music" : "eng",
"Acta Acustica united with Acustica" : "eng",
"British postgraduate musicology" : "eng",
"Integral the journal of applied musical thought" : "eng",
"International journal of musicology" : "eng",
"International review of the aesthetics and sociology of music" : "manuell",
"Journal of jewish music and liturgy" : "eng",
"Journal of Sonic Studies" : "eng",
"Mitteilungen der Christoph-Graupner-Gesellschaft" : "ger",
"Music research forum" : "eng",
"Musica disciplina" : "manuell",
"Musica judaica" : "eng",
"Musurgia analyse et pratique musicales" : "fre",
"Sacred music" : "eng",
"Ssi-ol Almanach der Internationalen Isang Yun Gesellschaft" : "ger",
"The stanza" : "eng",
"Theologische Rundschau" : "ger",
"Theory and practice" : "eng",
"Tibia" : "ger",
"Acta acustica united with Acustica" : "eng",
"Medical Problems of Performing Artists" : "eng",
"Music Theory Online" : "eng",
"Music Theory Spectrum" : "eng",
"Nineteenth-Century Music Review" : "eng",
"Studia Musicologica Norvegica" : "manuell",
"American Music Research Center Journal" : "eng",
"Context: Journal of Music Research" : "eng",
"Jazz Hot: La Revue Internationale du Jazz" : "manuell",
"Jazz Podium" : "ger",
"Jazz Research News" : "manuell",
"Journal of Popular Music Studies" : "eng",
"Musiktherapeutische Umschau" : "ger",
"Anklaenge: Wiener Jahrbuch für Musikwissenschaft" : "ger",
"«Fonti Musicali Italiane»" : "ita",
"Journal of Schenkerian studies" : "eng",
"Journal of seventeenth-century music" : "eng",
"Journal of Sound and Music in Games" : "eng",
"Violin Society of America Papers" : "eng",
"Performance Practice Review" : "eng",
"Recercare" : "manuell",
"http://revues.mshparisnord.org/filigrane" : "fre",
"International Trumpet Guild journal" : "eng",
"Lute Society of America quarterly" : "eng",
"Sonus" : "eng",
"Artes. Journal of Musicology" : "eng",
"Australian Journal of Music Therapy" : "eng",
"Philosophy of music education review" : "eng",
"Musik-Texte" : "ger",
