Basler Jahrbuch für historische Musikpraxis : eine Publikation der Schola Cantorum Basiliensis, Hochschule für Alte Musik an der Musik-Akademie der Stadt Basel, Fachhochschule Nordwestschweiz (FHNW)=A # Basler Jahrbuch für historische Musikpraxis
Engaging Students=O # Engaging Students: Essays in Music Pedagogy
Journal of the Arnold Schönberg Center=A # Journal of the Arnold Schönberg Center
Liszt-Jahrbuch=A # Liszt-Jahrbuch
Music Theory and Analysis (MTA)=O # Music Theory and Analysis
Schumann-Journal=O # Schumann-Journal 
Journal of the Audio Engineering Society=O # Journal of the Audio Engineering Society
Kirchenmusikalisches Jahrbuch=O # Kirchenmusikalisches Jahrbuch (elektr.)
ARSC journal=A # ARSC journal
Australian Journal of Music Education=O # The Australian journal of music education (elektr.)
Australasian Music Research=O #
Berichte aus dem Nationalkomitee der Bundesrepublik Deutschland im International Council for Traditional Music=O # 
Boccherini studies=A # 
CeReNeM Journal=O # 
European string teachers Association Nachrichten=A #
Heidelberger Hochschulschriften zur Musikpädagogik=A # Heidelberger Hochschulschriften zur Musikpädagogik 
Nota Bene: Canadian Undergraduate Journal of Musicology=O #
Philomusica on-line=O # Philomusica on-line
Rock & rap confidential=O # 
String players library series=A # 
The old time herald=A # 
Proceedings of the annual meeting National Association of Schools of Music=O #
African Music: Journal of the International Library of African Music=O #
Acta Acustica united with Acustica=O # Acta Acustica
British postgraduate musicology=O # British postgraduate musicology
Integral the journal of applied musical thought=O # Integral
International journal of musicology=A # International journal of musicology
International review of the aesthetics and sociology of music=A # International review of the aesthetics and sociology of music
Journal of jewish music and liturgy=A # Journal of jewish music and liturgy
Journal of Sonic Studies=O # Journal of Sonic Studies
Mitteilungen der Christoph-Graupner-Gesellschaft=A # Mitteilungen der Christoph-Graupner-Gesellschaft
Music research forum=A # Music research forum
Musica disciplina=A # Musica disciplina
Musica judaica=O # Musica judaica
Musurgia analyse et pratique musicales=O # Musurgia
Sacred music=O # Sacred music
Ssi-ol Almanach der Internationalen Isang Yun Gesellschaft=A # Ssi-ol
Theologische Rundschau=O # Theologische Rundschau
Theory and practice=O # Theory and practice
Tibia=A # Tibia	
Acta acustica united with Acustica=O # Acta acustica united with Acustica (elektr.)
Medical Problems of Performing Artists=O # Medical problems of performing artists (elektr.)
Music Analysis=O # Music analysis
Music Theory Online=O # Music theory online
Music Theory Spectrum=O # Music theory spectrum
Nineteenth-Century Music Review=O # Nineteenth Century Music Review
Studia Musicologica Norvegica=O # Studia musicologica Norvegica
American Music Research Center Journal=A # American Music Research Center Journal
Context: Journal of Music Research=O # Context
Jazz Hot: La Revue Internationale du Jazz=A # Jazz hot
Jazz Podium=A # Jazz Podium
Jazz Research News=A # Jazz Research News
Journal of Popular Music Studies=O # Journal of popular music studies
Musiktherapeutische Umschau=O # Musiktherapeutische Umschau (elektr.)
The American recorder=A # The American recorder
Anklaenge: Wiener Jahrbuch für Musikwissenschaft=A #Anklänge
«Fonti Musicali Italiane»=O # Fonti Musicali Italiane
Journal of Popular Music Studies=O # Journal of popular music studies
Journal of Schenkerian studies=A # Journal of Schenkerian studies
Journal of seventeenth-century music=O # Journal of seventeenth century music
Journal of Sound and Music in Games=O # Journal of Sound and Music in Games
Violin Society of America Papers=O # Journal of the violin society of America
Performance Practice Review=O # Performance practice review
Recercare=O # Recercare
http://revues.mshparisnord.org/filigrane=O # Filigrane
International Trumpet Guild journal=A # International Trumpet Guild journal
Lute Society of America quarterly=A # Lute Society of America (gedr.)
Sonus=A # Sonus (gedr.)
Artes. Journal of Musicology=O # Artes. Journal of Musicology
Australian Journal of Music Therapy=O # Australian Journal of Music Therapy
Philosophy of music education review=A #Philosophy of music education review (gedr.)
Musik-Texte=A #Musik-Texte (gedr.)
Australian Voice=O # Australian Voice 
array.=O # Array. Journal of the International Computer Music Association
The Oxford Handbook of Economic Ethnomusicology=O